// Vitest Snapshot v1, https://vitest.dev/guide/snapshot.html

exports[`InputField > should match snapshot when [defaultProps] is passed 1`] = `
<div
  class="sc-bdDsCe hYUtre"
  data-testid="input-field-test"
>
  <label
    class="sc-gtcBCx gRvlDh"
    for="identifier"
  >
    E-mail
  </label>
  <div
    class="sc-dkXsAU eluKge"
  >
    <input
      aria-invalid="false"
      autocomplete="username"
      class="sc-hKVpXn fwVYsi"
      id="identifier"
      name="identifier"
      placeholder="Digite seu e-mail"
      type="text"
      value="fighter@example.com"
    />
  </div>
</div>
`;
